{"id":"8edcc87d-644f-43be-a481-105baa547142","name":"LaFrench_Variant_A_Clean","duration":0,"fps":30,"canvas_config":{"width":1920,"height":1080,"ratio":"16:9"},"platform":{"app_source":"cc","app_version":"6.5.0","os":"mac"},"tracks":[],"materials":{"videos":[],"audios":[],"texts":[],"stickers":[],"video_effects":[],"transitions":[],"masks":[],"chromas":[],"audio_fades":[],"audio_effects":[],"canvases":[],"speeds":[],"sound_channel_mappings":[],"vocal_separations":[],"placeholders":[],"common_mask":[]},"extra_info":{"created_via":"capcut-cli"}}